// Jest Snapshot v1, https://goo.gl/fbAQLP

exports[`components/widgets/menu/menu_items/submenu_item empty subMenu should match snapshot 1`] = `"<li class=\\"SubMenuItem MenuItem\\" role=\\"menuitem\\" id=\\"1_menuitem\\"><div class=\\"\\" id=\\"1\\" tabindex=\\"0\\"><div>test</div><div><span class=\\"selected\\"></span><span id=\\"channelHeaderDropdownIconRight_1\\" class=\\"fa fa-angle-right SubMenu__icon-right-empty\\" aria-label=\\"submenu icon\\"></span></div><ul class=\\"a11y__popup Menu dropdown-menu SubMenu\\" style=\\"visibility: hidden; right: 100%;\\"></ul></div></li>"`;

exports[`components/widgets/menu/menu_items/submenu_item present subMenu should match snapshot with submenu 1`] = `"<li class=\\"SubMenuItem MenuItem\\" role=\\"menuitem\\" id=\\"1_menuitem\\"><div class=\\"\\" id=\\"1\\" tabindex=\\"0\\"><div>test</div><div><span class=\\"selected\\"></span><span id=\\"channelHeaderDropdownIconRight_1\\" class=\\"fa fa-angle-right SubMenu__icon-right\\" aria-label=\\"submenu icon\\"></span></div><ul class=\\"a11y__popup Menu dropdown-menu SubMenu\\" style=\\"visibility: hidden; right: 100%;\\"><span class=\\"SubMenuItemContainer\\"><li class=\\"SubMenuItem MenuItem\\" role=\\"menuitem\\" id=\\"A_menuitem\\"><div class=\\"\\" id=\\"A\\" tabindex=\\"0\\"><div>Test A</div><div><span class=\\"selected\\"></span><span id=\\"channelHeaderDropdownIconRight_A\\" class=\\"fa fa-angle-right SubMenu__icon-right-empty\\" aria-label=\\"submenu icon\\"></span></div><ul class=\\"a11y__popup Menu dropdown-menu SubMenu\\" style=\\"visibility: hidden; right: 100%;\\"></ul></div></li></span><span class=\\"SubMenuItemContainer\\"><li class=\\"SubMenuItem MenuItem\\" role=\\"menuitem\\" id=\\"B_menuitem\\"><div class=\\"\\" id=\\"B\\" tabindex=\\"0\\"><div>Test B</div><div><span class=\\"selected\\"></span><span id=\\"channelHeaderDropdownIconRight_B\\" class=\\"fa fa-angle-right SubMenu__icon-right-empty\\" aria-label=\\"submenu icon\\"></span></div><ul class=\\"a11y__popup Menu dropdown-menu SubMenu\\" style=\\"visibility: hidden; right: 100%;\\"></ul></div></li></span></ul></div></li>"`;
